   archetype roi_id        method  frac_nn_lt_dstar  nn_q01   nn_q05  nn_median  dstar  packing_dstar  eqr_of_lambda  eqr_med_csr_theory  eqr_med_interior  mean_area_int_x_lambda  frac_interior  lambda_loc_int_over_all
0         A1     r1  cellpose_rgb            0.0097  2.5087   2.9768     4.5553    2.5         0.0537         5.3924              5.1342            4.3687                  0.8409         0.8662                   1.0103
1         A1     r2  cellpose_rgb            0.0074  2.5520   3.0460     4.6500    2.5         0.0504         5.5690              5.3024            4.4413                  0.7914         0.8398                   1.0151
2         A1     r3  cellpose_rgb            0.0082  2.5503   2.9999     4.6558    2.5         0.0515         5.5058              5.2423            4.4030                  0.8293         0.8731                   1.0118
3         A1     r4  cellpose_rgb            0.0065  2.5695   3.0250     4.7525    2.5         0.0520         5.4836              5.2210            4.4421                  0.8237         0.8492                   1.0128
4         A1     r5  cellpose_rgb            0.0090  2.5207   3.0537     4.7733    2.5         0.0521         5.4765              5.2143            4.4492                  0.8297         0.8500                   1.0101
5         A2     r1  cellpose_rgb            0.0218  3.2016   3.8613     6.1339    3.5         0.0846         6.0163              5.7283            5.2863                  0.9002         0.8801                   1.0138
6         A2     r2  cellpose_rgb            0.0134  3.3985   4.0388     6.3408    3.5         0.0764         6.3304              6.0274            5.5609                  0.9413         0.9229                   1.0098
7         A2     r3  cellpose_rgb            0.0129  3.4344   4.0818     6.3251    3.5         0.0760         6.3474              6.0435            5.6039                  0.9074         0.8702                   1.0061
8         A2     r4  cellpose_rgb            0.0123  3.4473   3.9815     6.0253    3.5         0.0740         6.4348              6.1268            5.0937                  0.9419         0.9415                   1.0086
9         A2     r5  cellpose_rgb            0.0071  3.5611   4.1935     6.6147    3.5         0.0637         6.9327              6.6008            5.9635                  0.9530         0.9486                   1.0113
10        A3     r1  cellpose_rgb            0.0038  4.0042   4.9190     8.0302    3.5         0.0402         8.7275              8.3097            7.6085                  0.9911         0.9361                   0.9955
11        A3     r2  cellpose_rgb            0.0070  3.6525   4.6555     8.5346    3.5         0.0303        10.0482              9.5672            8.7369                  0.9858         0.9219                   0.9948
12        A3     r3  cellpose_rgb            0.0067  3.7320   4.6036     7.8380    3.5         0.0414         8.6034              8.1915            7.6139                  0.9876         0.9467                   1.0004
13        A3     r4  cellpose_rgb            0.0064  3.6165   4.2911     7.2627    3.5         0.0465         8.1148              7.7263            7.0075                  0.9930         0.9449                   1.0024
14        A3     r5  cellpose_rgb            0.0104  3.4835   4.1200     6.3699    3.5         0.0474         8.0393              7.6544            5.6751                  0.9788         0.9431                   1.0051
15        A4     f1   spaceranger            0.2203  2.7844   3.2523     4.6169    4.0         0.3007         3.6472              3.4726            3.3941                  0.9704         0.9796                   1.0017
16        A4     f1   stardist_he            0.0598  3.5240   3.9440     5.1925    4.0         0.2148         4.3155              4.1089            3.9061                  0.9743         0.9747                   1.0015
17        A4     f2   spaceranger            0.2200  2.7457   3.3012     4.6079    4.0         0.3147         3.5649              3.3942            3.3206                  0.9853         0.9774                   1.0006
18        A4     f2   stardist_he            0.0528  3.5893   3.9855     5.1619    4.0         0.2347         4.1283              3.9306            3.7464                  0.9909         0.9704                   0.9990
19        A4     p1   spaceranger            0.2761  2.7142   3.1603     4.4117    4.0         0.3907         3.1995              3.0464            3.1036                  0.9874         0.9815                   1.0017
20        A4     p1   stardist_he            0.0565  3.5668   3.9613     5.0257    4.0         0.2844         3.7503              3.5707            3.5870                  0.9945         0.9763                   1.0012
21        A4     p2   spaceranger            0.2740  2.7186   3.1603     4.4261    4.0         0.3734         3.2730              3.1163            3.1334                  0.9863         0.9795                   1.0018
22        A4     p2   stardist_he            0.0669  3.5658   3.9183     5.0014    4.0         0.2707         3.8439              3.6598            3.6090                  0.9926         0.9738                   1.0018
23        A4     p3   spaceranger            0.2475  2.7323   3.2045     4.4847    4.0         0.3777         3.2542              3.0984            3.1565                  0.9904         0.9812                   1.0009
24        A4     p3   stardist_he            0.0578  3.5650   3.9551     5.0006    4.0         0.2900         3.7139              3.5361            3.5417                  0.9994         0.9758                   1.0000
25        A5     r1  cellpose_rgb            0.1373  2.5051   4.3583    13.7281    7.0         0.0654        13.6896             13.0342           11.5758                  0.8482         0.3994                   1.0701
26        A5     r2  cellpose_rgb            0.0051  7.6603   9.1939    17.9900    7.0         0.0356        18.5516             17.6634           17.7822                  1.0508         0.5161                   0.9032
27        A5     r3  cellpose_rgb            0.0000  8.5341  10.2051    18.4405    7.0         0.0318        19.6266             18.6870           19.1601                  1.1176         0.4372                   0.7355
28        A5     r4  cellpose_rgb            0.0000  8.1586   9.5352    19.1853    7.0         0.0270        21.3195             20.2988           18.8452                  1.0468         0.4160                   0.8426
29        A5     r5  cellpose_rgb            0.0355  4.5685   7.6225    15.9024    7.0         0.0411        17.2562             16.4301           15.8582                  0.9440         0.6071                   0.9739
30        A6     r1   spaceranger            0.0000  3.9230   5.0874    17.0678    2.5         0.0036        20.8864             19.8865           18.6917                  0.9140         0.5282                   0.9859
31        A6     r1   stardist_he            0.0000  5.3354   8.0381    20.6284    2.5         0.0027        24.2256             23.0658           22.0312                  0.9265         0.4671                   0.9864
32        A6     r2   spaceranger            0.0000  3.6600   5.0075    15.2427    2.5         0.0048        18.0022             17.1403           15.7845                  0.8582         0.4853                   1.0056
33        A6     r2   stardist_he            0.0000  4.1933   6.6225    17.5838    2.5         0.0039        19.9612             19.0056           17.3931                  0.8325         0.4576                   1.0069
34        A6     r3   spaceranger            0.0019  3.3333   4.6890    15.1535    2.5         0.0055        16.8738             16.0660           15.6496                  0.9733         0.7565                   0.9996
35        A6     r3   stardist_he            0.0000  4.1757   5.7582    15.6954    2.5         0.0048        18.1061             17.2393           17.0052                  0.9831         0.7431                   1.0000
36        A6     r4   spaceranger            0.0000  3.3038   4.3990    13.5854    2.5         0.0064        15.5872             14.8410           14.5168                  0.9538         0.7289                   0.9983
37        A6     r4   stardist_he            0.0000  4.1200   5.2697    14.3083    2.5         0.0056        16.6976             15.8982           15.4458                  0.9679         0.7152                   0.9981
38        A6     r5   spaceranger            0.0019  3.4879   4.2175    13.8942    2.5         0.0058        16.4718             15.6832           14.7201                  0.8869         0.6767                   1.0089
39        A6     r5   stardist_he            0.0000  4.0913   6.2891    15.8874    2.5         0.0048        18.0660             17.2011           16.1438                  0.8730         0.6381                   1.0157
   archetype roi_id        method     n  med_dth  med_phi_nn  med_dth_neighbour  p_neighbour   q_med  qloc_med
0         A1     r1  cellpose_rgb  3372  29.5438     60.9163            12.7110        0.000  1.3592    0.6806
1         A1     r2  cellpose_rgb  2704  29.1965     62.2971            12.5178        0.000  1.4177    0.6733
2         A1     r3  cellpose_rgb  3384  29.9710     60.8099            13.1075        0.000  1.3971    0.6844
3         A1     r4  cellpose_rgb  2818  31.4001     60.6981            11.4540        0.000  1.3874    0.6988
4         A1     r5  cellpose_rgb  3342  32.2468     59.5546            11.5211        0.000  1.4077    0.7037
5         A2     r1  cellpose_rgb  2639  26.2084     63.2413            10.9751        0.000  1.6386    0.9571
6         A2     r2  cellpose_rgb  2798  26.8865     61.4036            11.3563        0.000  1.5617    0.8974
7         A2     r3  cellpose_rgb  2273  25.3324     64.7118             9.6170        0.000  1.6955    0.9398
8         A2     r4  cellpose_rgb  2425  23.7024     64.1863            10.9743        0.000  1.7003    0.9578
9         A2     r5  cellpose_rgb  2095  28.2141     61.8167            12.2642        0.000  1.5235    0.8884
10        A3     r1  cellpose_rgb  1911  36.4268     54.5957            14.7461        0.000  1.2556    0.6827
11        A3     r2  cellpose_rgb  1822  39.0622     52.4334            12.1622        0.000  1.1624    0.5921
12        A3     r3  cellpose_rgb  2025  33.2875     56.5912            11.8421        0.000  1.2908    0.6934
13        A3     r4  cellpose_rgb  1766  34.4398     57.1566            16.7592        0.000  1.2506    0.6754
14        A3     r5  cellpose_rgb  1706  27.0383     61.8738            11.7266        0.000  1.4997    0.8124
15        A4     f1   spaceranger  2685  27.5728     62.8215            40.7441        0.000  1.4828    0.9714
16        A4     f1   stardist_he   827  27.0028     64.1497            29.6690        0.000  1.1709    0.8164
17        A4     f2   spaceranger  2597  27.3188     62.6501            40.7441        0.000  1.4776    0.8985
18        A4     f2   stardist_he   881  24.5082     67.4373            27.0193        0.000  1.2163    0.8784
19        A4     p1   spaceranger  2895  25.1605     63.8649            42.0691        0.000  1.4971    0.8899
20        A4     p1   stardist_he   583  22.2827     69.6906            27.0512        0.000  1.2272    0.9088
21        A4     p2   spaceranger  2846  26.3625     62.8361            40.7441        0.000  1.4986    0.8823
22        A4     p2   stardist_he   700  19.5606     70.6040            25.1488        0.000  1.2637    0.9198
23        A4     p3   spaceranger  2675  26.3799     62.3895            41.5458        0.000  1.4775    0.8584
24        A4     p3   stardist_he   660  19.9108     69.2472            28.8016        0.000  1.2411    0.9393
25        A5     r1  cellpose_rgb    81  44.0308     57.4926            17.5013        0.000  0.8920    0.2908
26        A5     r2  cellpose_rgb    49  33.7032     57.0992            17.0578        0.000  0.6020    0.3041
27        A5     r3  cellpose_rgb    18  41.9008     62.8053            19.8705        0.038  0.5685    0.2519
28        A5     r4  cellpose_rgb    19  32.5787     49.7012            35.8264        0.122  0.5071    0.2929
29        A5     r5  cellpose_rgb    40  36.1869     45.8170            25.1660        0.002  0.6576    0.2818
30        A6     r1   spaceranger   222  38.0223     47.6084            11.4119        0.072  0.5951    0.2597
31        A6     r1   stardist_he   157  44.0808     46.4062            15.4121        0.026  0.5453    0.2157
32        A6     r2   spaceranger   219  37.4002     50.3855            17.2389        0.082  0.6592    0.2640
33        A6     r2   stardist_he   192  49.1365     45.3006            13.1688        0.000  0.6067    0.2311
34        A6     r3   spaceranger   256  45.7663     40.1300            40.7441        0.052  0.4692    0.2269
35        A6     r3   stardist_he   271  44.4643     46.8821            35.3625        0.254  0.4575    0.2099
36        A6     r4   spaceranger   278  44.7895     48.6849            31.1787        0.004  0.5514    0.2543
37        A6     r4   stardist_he   310  45.9148     46.2131            21.9556        0.000  0.5074    0.2302
38        A6     r5   spaceranger   308  36.8115     51.5761            19.6038        0.016  0.6576    0.2903
39        A6     r5   stardist_he   299  45.6522     49.9649            19.6807        0.016  0.5726    0.2522
   archetype        method     qloc_bin     n  med_dth  med_phi_nn
0         A1  cellpose_rgb   [0.0, 0.5)  2308    38.10       54.54
1         A1  cellpose_rgb  [0.5, 0.75)  7315    32.43       59.83
2         A1  cellpose_rgb  [0.75, 1.0)  4489    26.84       63.14
3         A1  cellpose_rgb  [1.0, 1.25)  1149    24.31       64.65
4         A1  cellpose_rgb  [1.25, 1.5)   254    23.51       63.94
5         A1  cellpose_rgb   [1.5, 2.0)    87    24.97       64.44
7         A2  cellpose_rgb   [0.0, 0.5)   453    37.62       54.27
8         A2  cellpose_rgb  [0.5, 0.75)  2696    32.48       59.61
9         A2  cellpose_rgb  [0.75, 1.0)  3969    27.22       63.19
10        A2  cellpose_rgb  [1.0, 1.25)  2653    23.98       63.12
11        A2  cellpose_rgb  [1.25, 1.5)  1288    21.50       65.60
12        A2  cellpose_rgb   [1.5, 2.0)   974    18.82       68.25
13        A2  cellpose_rgb   [2.0, inf)   197    20.98       67.27
14        A3  cellpose_rgb   [0.0, 0.5)  1959    40.84       49.08
15        A3  cellpose_rgb  [0.5, 0.75)  3571    37.45       55.62
16        A3  cellpose_rgb  [0.75, 1.0)  2201    31.50       59.24
17        A3  cellpose_rgb  [1.0, 1.25)   950    25.16       62.67
18        A3  cellpose_rgb  [1.25, 1.5)   376    22.72       64.56
19        A3  cellpose_rgb   [1.5, 2.0)   150    20.21       62.38
22        A4   spaceranger  [0.5, 0.75)  1418    37.49       55.71
23        A4   spaceranger  [0.75, 1.0)  6045    32.62       56.87
24        A4   spaceranger  [1.0, 1.25)  2978    23.09       67.11
25        A4   spaceranger  [1.25, 1.5)  2407    20.00       68.27
26        A4   spaceranger   [1.5, 2.0)   830    15.79       67.61
29        A4   stardist_he  [0.5, 0.75)   507    32.78       62.60
30        A4   stardist_he  [0.75, 1.0)  2452    22.44       68.07
31        A4   stardist_he  [1.0, 1.25)   639    18.81       70.93
32        A4   stardist_he  [1.25, 1.5)    38    16.41       69.92
34        A5  cellpose_rgb   [0.0, 0.5)   187    40.08       54.30
38        A6   spaceranger   [0.0, 0.5)  1278    40.96       48.76
40        A6   stardist_he   [0.0, 0.5)  1206    45.89       47.10
   archetype        method roi_id    n_hi  med_hi   n_lo  med_lo
0         A1  cellpose_rgb     r1  1364.0   21.22  759.0   46.39
1         A1  cellpose_rgb     r2  1180.0   22.43  564.0   43.53
2         A1  cellpose_rgb     r3  1431.0   23.47  674.0   46.97
3         A1  cellpose_rgb     r4  1173.0   23.30  611.0   47.10
4         A1  cellpose_rgb     r5  1479.0   24.32  597.0   46.02
5         A2  cellpose_rgb     r1  1548.0   21.00  280.0   41.18
6         A2  cellpose_rgb     r2  1514.0   21.13  352.0   42.17
7         A2  cellpose_rgb     r3  1393.0   21.56  207.0   41.98
8         A2  cellpose_rgb     r4  1573.0   19.13  218.0   40.07
9         A2  cellpose_rgb     r5  1086.0   21.63  352.0   42.80
10        A3  cellpose_rgb     r1   635.0   25.36  566.0   44.05
11        A3  cellpose_rgb     r2   520.0   29.36  677.0   47.10
12        A3  cellpose_rgb     r3   717.0   24.02  611.0   41.36
13        A3  cellpose_rgb     r4   547.0   21.81  544.0   42.36
14        A3  cellpose_rgb     r5   853.0   19.93  358.0   39.49
15        A4   spaceranger     f1  1263.0   19.87  223.0   38.81
16        A4   spaceranger     f2  1227.0   21.38  196.0   40.65
17        A4   spaceranger     p1  1436.0   19.23  134.0   33.94
18        A4   spaceranger     p2  1420.0   20.16  127.0   40.40
19        A4   spaceranger     p3  1274.0   18.97  133.0   45.31
20        A4   stardist_he     f1    97.0   14.02  186.0   47.20
21        A4   stardist_he     f2   113.0   15.09  170.0   44.85
22        A4   stardist_he     p1    59.0   15.19   82.0   44.52
23        A4   stardist_he     p2    99.0   10.62   97.0   40.31
24        A4   stardist_he     p3    64.0   12.12   75.0   42.07
25        A5  cellpose_rgb     r1    13.0   12.53   46.0   47.18
26        A5  cellpose_rgb     r2     4.0   31.19   37.0   38.51
27        A5  cellpose_rgb     r3     0.0     NaN   17.0   50.04
28        A5  cellpose_rgb     r4     1.0   27.54   16.0   35.76
29        A5  cellpose_rgb     r5     2.0   35.49   29.0   33.37
30        A6   spaceranger     r1    21.0   28.92  168.0   40.52
31        A6   spaceranger     r2    19.0   30.25  176.0   38.38
32        A6   spaceranger     r3     9.0   26.68  218.0   43.17
33        A6   spaceranger     r4    17.0   18.59  219.0   43.12
34        A6   spaceranger     r5    37.0   33.65  227.0   38.30
35        A6   stardist_he     r1     5.0   18.13  119.0   45.64
36        A6   stardist_he     r2     6.0   27.40  154.0   51.84
37        A6   stardist_he     r3     8.0   20.35  218.0   46.79
38        A6   stardist_he     r4    10.0   32.82  260.0   46.05
39        A6   stardist_he     r5     9.0   39.14  247.0   45.95
