Loading required package: magrittr

Attaching package: ‘imager’

The following object is masked from ‘package:magrittr’:

    add

The following objects are masked from ‘package:stats’:

    convolve, spectrum

The following object is masked from ‘package:graphics’:

    frame

The following object is masked from ‘package:base’:

    save.image

[?25h── [1mAttaching core tidyverse packages[22m ──────────────────────── tidyverse 2.0.0 ──
[32m✔[39m [34mdplyr    [39m 1.1.4     [32m✔[39m [34mreadr    [39m 2.1.5
[32m✔[39m [34mforcats  [39m 1.0.0     [32m✔[39m [34mstringr  [39m 1.5.1
[32m✔[39m [34mggplot2  [39m 3.5.1     [32m✔[39m [34mtibble   [39m 3.2.1
[32m✔[39m [34mlubridate[39m 1.9.3     [32m✔[39m [34mtidyr    [39m 1.3.1
[32m✔[39m [34mpurrr    [39m 1.0.2     
── [1mConflicts[22m ────────────────────────────────────────── tidyverse_conflicts() ──
[31m✖[39m [34mimager[39m::[32madd()[39m       masks [34mmagrittr[39m::add()
[31m✖[39m [34mstringr[39m::[32mboundary()[39m masks [34mimager[39m::boundary()
[31m✖[39m [34mtidyr[39m::[32mextract()[39m    masks [34mmagrittr[39m::extract()
[31m✖[39m [34mtidyr[39m::[32mfill()[39m       masks [34mimager[39m::fill()
[31m✖[39m [34mdplyr[39m::[32mfilter()[39m     masks [34mstats[39m::filter()
[31m✖[39m [34mdplyr[39m::[32mlag()[39m        masks [34mstats[39m::lag()
[31m✖[39m [34mpurrr[39m::[32mset_names()[39m  masks [34mmagrittr[39m::set_names()
[31m✖[39m [34mdplyr[39m::[32mwhere()[39m      masks [34mimager[39m::where()
[36mℹ[39m Use the conflicted package ([3m[34m<http://conflicted.r-lib.org/>[39m[23m) to force all conflicts to become errors
[?25h
Attaching package: ‘MASS’

The following object is masked from ‘package:dplyr’:

    select

[?25h[?25h[?25h[?25h[?25h
Attaching package: ‘sp’

The following object is masked from ‘package:imager’:

    bbox

[?25h
Attaching package: ‘scales’

The following object is masked from ‘package:purrr’:

    discard

The following object is masked from ‘package:readr’:

    col_factor

[?25hLoading required package: spatstat.data
Loading required package: spatstat.univar
spatstat.univar 3.1-1
Loading required package: spatstat.geom
Registered S3 method overwritten by 'spatstat.geom':
  method      from  
  plot.imlist imager
spatstat.geom 3.3-4

Attaching package: ‘spatstat.geom’

The following object is masked from ‘package:scales’:

    rescale

The following object is masked from ‘package:tictoc’:

    shift

The following object is masked from ‘package:cluster’:

    volume

The following object is masked from ‘package:MASS’:

    area

The following objects are masked from ‘package:imager’:

    as.imlist, is.imlist

Loading required package: spatstat.random
spatstat.random 3.3-2
Loading required package: spatstat.explore
Loading required package: nlme

Attaching package: ‘nlme’

The following object is masked from ‘package:dplyr’:

    collapse

spatstat.explore 3.3-3

Attaching package: ‘spatstat.explore’

The following object is masked from ‘package:gstat’:

    idw

Loading required package: spatstat.model
Loading required package: rpart
spatstat.model 3.3-3
Loading required package: spatstat.linnet
spatstat.linnet 3.2-3

spatstat 3.3-0 
For an introduction to spatstat, type ‘beginner’ 

[?25hLoading required package: spData
To access larger datasets in this package, install the spDataLarge
package with: `install.packages('spDataLarge',
repos='https://nowosad.github.io/drat/', type='source')`
Loading required package: sf
Linking to GEOS 3.12.1, GDAL 3.8.4, PROJ 9.4.0; sf_use_s2() is TRUE
[?25hLoading required package: spam
Spam version 2.11-0 (2024-10-03) is loaded.
Type 'help( Spam)' or 'demo( spam)' for a short introduction 
and overview of this package.
Help for individual functions is also obtained by adding the
suffix '.spam' to the function name, e.g. 'help( chol.spam)'.

Attaching package: ‘spam’

The following object is masked from ‘package:imager’:

    display

The following objects are masked from ‘package:base’:

    backsolve, forwardsolve

Loading required package: viridisLite

Try help(fields) to get started.
[?25h[?25hCarico immagine: images/granuloma.png
Dimensioni dell'immagine cimg:
[1] 2400 1430
Dimensioni img_cimg:
[1] 2400 1430    1    1
Numero canali:
[1] 1
Range intensità immagine:
   Min. 1st Qu.  Median    Mean 3rd Qu.    Max. 
0.04192 0.53294 0.64212 0.67519 0.85118 1.00000 
Pixel totali: 3432000
Pixel dopo soglia (< 0.60): 1378465
Modalità griglia attiva - Creazione griglia Visium HD-like
Dimensione immagine originale: 24000 x 14300 μm
Usando griglia fissa Visium HD: 6.5 x 6.5 mm (6500 x 6500 μm)
Risoluzione griglia: 2 μm, risultato: 3250 x 3250 bin = 10562500 bin totali
Applicazione gradienti tra regioni
Error in unserialize(node$con) : 
  MultisessionFuture (future_lapply-3) failed to receive message results from cluster RichSOCKnode #3 (PID 213337 on localhost ‘localhost’). The reason reported was ‘error reading from connection’. Post-mortem diagnostic: No process exists with this PID, i.e. the localhost worker is no longer alive. The total size of the 17 globals exported is 2.26 GiB. The three largest globals are ‘...future.FUN’ (1.44 GiB of class ‘function’), ‘boundary_dists’ (347.80 MiB of class ‘numeric’) and ‘cell_df’ (298.12 MiB of class ‘list’)
Calls: simulate_spatial_transcriptomics ... resolved -> resolved.ClusterFuture -> receiveMessageFromWorker
Execution halted
[?25h