mean(runif) seed 42: primi 500 0.4896, primi 1000 0.4883, primi 3000 0.4969
   archetype roi_id n_regions area_poly_over_px E_n_poly E_n_pixel sd_round
1         A1     r1       786                 1 10654.51  10654.51  12.0564
2         A1     r2       819                 1  8883.66   8883.66  12.2825
3         A1     r3       815                 1 10957.33  10957.33  12.3063
4         A1     r4       671                 1  8783.51   8783.51  11.1694
5         A1     r5       732                 1  9734.11   9734.11  11.6353
6         A2     r1      1024                 1  7147.77   7147.77  12.7927
7         A2     r2       856                 1  7404.21   7404.21  11.6723
8         A2     r3       863                 1  5842.15   5842.15  11.7681
9         A2     r4       672                 1  8437.96   8437.96  10.3670
10        A2     r5       925                 1  8367.14   8367.14  11.9689
11        A3     r1       576                 1  2938.70   2938.70  10.6859
12        A3     r2       408                 1  2977.98   2977.98   9.1387
13        A3     r3       686                 1  2935.33   2935.33  11.7631
14        A3     r4       614                 1  2937.31   2937.31  10.9497
15        A3     r5       499                 1  2983.54   2983.54  10.0024
16        A4     f1       542                 1 26382.37  26382.37  10.4434
17        A4     f2       325                 1 26975.76  26975.76   8.0087
18        A4     p1       317                 1 27090.84  27090.84   8.0340
19        A4     p2       307                 1 26955.98  26955.98   7.9699
20        A4     p3       263                 1 27324.60  27324.60   7.3709
21        A5     r1       625                 1  1138.74   1138.74  10.4691
22        A5     r2       540                 1  1066.77   1066.77   9.6746
23        A5     r3       572                 1  1052.96   1052.96   9.8128
24        A5     r4       707                 1   958.31    958.31  10.9537
25        A5     r5       581                 1  1075.49   1075.49   9.8785
26        A6     r1      1632                 1   787.93    787.93  15.8631
27        A6     r2      2104                 1   715.98    715.98  17.9523
28        A6     r3      1684                 1   762.96    762.96  16.0668
29        A6     r4      1926                 1   757.33    757.33  17.2812
30        A6     r5      1972                 1   761.69    761.69  17.4924
   n_seed42 n_mean40  n_sd40 rank_seed42_of_10  z_seed42
1     10662 10656.60  8.8021                 9  0.621371
2      8890  8884.30  8.9620                 9  0.516309
3     10969 10958.85  9.6597                 9  0.948023
4      8787  8784.83  9.3969                 8  0.312316
5      9746  9735.92 10.3760                10  1.021761
6      7164  7148.95  8.6349                10  1.268924
7      7402  7406.85  8.6367                 5 -0.189090
8      5843  5842.48 12.3786                 8  0.072217
9      8444  8440.30  8.4708                 6  0.582305
10     8374  8369.33 11.4855                 9  0.572950
11     2959  2941.18  7.9546                10  1.899627
12     2989  2978.88  7.2508                10  1.205421
13     2960  2938.55 10.3798                10  2.097411
14     2949  2940.90  7.8538                 9  1.067430
15     2995  2984.12  7.3036                10  1.145809
16    26394 26383.92  8.4834                10  1.113740
17    26981 26977.80  6.7679                 9  0.654749
18    27095 27092.70  8.1813                 7  0.518110
19    26959 26958.00  6.4689                 7  0.379341
20    27328 27325.65  6.5888                 8  0.461788
21     1145  1138.42  7.9094                 7  0.598180
22     1085  1069.70  8.1120                10  1.884786
23     1062  1054.33  8.0651                10  0.920982
24      972   959.62  9.5962                 8  1.249413
25     1086  1076.55  8.0732                10  1.064222
26      807   787.02 11.2967                10  1.201911
27      738   714.73 13.8379                10  1.226813
28      786   763.42 14.6180                10  1.434183
29      775   757.98 11.8397                 9  1.022519
30      788   765.00 14.2379                 9  1.503928
media z seed42: 0.945915 ; media (n_mean40 - E_n_poly)/sd*sqrt(40): 0.8784447 
