== spaceranger
Visium_HD_Mouse_Small_Intestine nessuna segmentazione Space Ranger (BL-019)
Visium_HD_Human_Colon_Cancer poligoni SR: 220704
  A2_r1: SR n=8820 overlap_cp=0.867 OD_in>ring=0.989
  A2_r2: SR n=7829 overlap_cp=0.866 OD_in>ring=0.989
  A2_r3: SR n=6371 overlap_cp=0.886 OD_in>ring=0.989
  A2_r4: SR n=6778 overlap_cp=0.936 OD_in>ring=0.949
  A2_r5: SR n=6536 overlap_cp=0.898 OD_in>ring=0.966
  A3_r1: SR n=5187 overlap_cp=0.837 OD_in>ring=0.991
  A3_r2: SR n=3572 overlap_cp=0.853 OD_in>ring=0.998
  A3_r3: SR n=4287 overlap_cp=0.889 OD_in>ring=0.992
  A3_r4: SR n=5035 overlap_cp=0.914 OD_in>ring=0.974
  A3_r5: SR n=4583 overlap_cp=0.912 OD_in>ring=0.956
Visium_HD_Human_Lymph_Node_FFPE poligoni SR: 302080
  A4_f1: SR n=23820 overlap_cp=0.893 OD_in>ring=0.992
  A4_f2: SR n=25089 overlap_cp=0.894 OD_in>ring=0.992
  A4_p1: SR n=31221 overlap_cp=0.904 OD_in>ring=0.989
  A4_p2: SR n=29734 overlap_cp=0.898 OD_in>ring=0.991
  A4_p3: SR n=30231 overlap_cp=0.903 OD_in>ring=0.992
Visium_HD_6p5mm_Mouse_Brain poligoni SR: 17542
  A5_r1: SR n=1011 overlap_cp=0.821 OD_in>ring=1.000
  A5_r2: SR n=654 overlap_cp=0.723 OD_in>ring=1.000
  A5_r3: SR n=374 overlap_cp=0.733 OD_in>ring=0.997
  A5_r4: SR n=361 overlap_cp=0.748 OD_in>ring=1.000
  A5_r5: SR n=788 overlap_cp=0.706 OD_in>ring=1.000
Visium_HD_6p5mm_Human_Heart poligoni SR: 45618
  A6_r1: SR n=681 overlap_cp=0.824 OD_in>ring=1.000
  A6_r2: SR n=889 overlap_cp=0.588 OD_in>ring=1.000
  A6_r3: SR n=1107 overlap_cp=0.215 OD_in>ring=1.000
  A6_r4: SR n=1248 overlap_cp=0.488 OD_in>ring=1.000
  A6_r5: SR n=1087 overlap_cp=0.499 OD_in>ring=1.000
== metrics
match A1_r1 cellpose_rgb vs stardist_he: F1=0.613 dice=0.629 dDens=-0.467
match A1_r1 cellpose_rgb vs cellpose_hed: F1=0.623 dice=0.636 dDens=+0.238
match A1_r2 cellpose_rgb vs stardist_he: F1=0.609 dice=0.623 dDens=-0.470
match A1_r2 cellpose_rgb vs cellpose_hed: F1=0.608 dice=0.638 dDens=+0.236
match A1_r3 cellpose_rgb vs stardist_he: F1=0.622 dice=0.630 dDens=-0.478
match A1_r3 cellpose_rgb vs cellpose_hed: F1=0.633 dice=0.643 dDens=+0.188
match A1_r4 cellpose_rgb vs stardist_he: F1=0.598 dice=0.624 dDens=-0.499
match A1_r4 cellpose_rgb vs cellpose_hed: F1=0.663 dice=0.657 dDens=+0.164
match A1_r5 cellpose_rgb vs stardist_he: F1=0.622 dice=0.633 dDens=-0.483
match A1_r5 cellpose_rgb vs cellpose_hed: F1=0.672 dice=0.670 dDens=+0.128
match A2_r1 cellpose_rgb vs stardist_he: F1=0.672 dice=0.625 dDens=-0.408
match A2_r1 cellpose_rgb vs spaceranger: F1=0.651 dice=0.723 dDens=+nan
match A2_r1 stardist_he vs spaceranger: F1=0.557 dice=0.534 dDens=+nan
match A2_r1 cellpose_rgb vs cellpose_hed: F1=0.824 dice=0.796 dDens=-0.024
match A2_r2 cellpose_rgb vs stardist_he: F1=0.645 dice=0.600 dDens=-0.464
match A2_r2 cellpose_rgb vs spaceranger: F1=0.668 dice=0.682 dDens=+nan
match A2_r2 stardist_he vs spaceranger: F1=0.584 dice=0.547 dDens=+nan
match A2_r2 cellpose_rgb vs cellpose_hed: F1=0.755 dice=0.729 dDens=-0.112
match A2_r3 cellpose_rgb vs stardist_he: F1=0.710 dice=0.672 dDens=-0.360
match A2_r3 cellpose_rgb vs spaceranger: F1=0.700 dice=0.726 dDens=+nan
match A2_r3 stardist_he vs spaceranger: F1=0.638 dice=0.604 dDens=+nan
match A2_r3 cellpose_rgb vs cellpose_hed: F1=0.833 dice=0.807 dDens=+0.013
match A2_r4 cellpose_rgb vs stardist_he: F1=0.618 dice=0.602 dDens=-0.488
match A2_r4 cellpose_rgb vs spaceranger: F1=0.679 dice=0.684 dDens=+nan
match A2_r4 stardist_he vs spaceranger: F1=0.639 dice=0.610 dDens=+nan
match A2_r4 cellpose_rgb vs cellpose_hed: F1=0.775 dice=0.752 dDens=-0.147
match A2_r5 cellpose_rgb vs stardist_he: F1=0.645 dice=0.605 dDens=-0.469
match A2_r5 cellpose_rgb vs spaceranger: F1=0.707 dice=0.701 dDens=+nan
match A2_r5 stardist_he vs spaceranger: F1=0.629 dice=0.595 dDens=+nan
match A2_r5 cellpose_rgb vs cellpose_hed: F1=0.770 dice=0.739 dDens=-0.044
match A3_r1 cellpose_rgb vs stardist_he: F1=0.687 dice=0.626 dDens=-0.390
match A3_r1 cellpose_rgb vs spaceranger: F1=0.668 dice=0.693 dDens=+nan
match A3_r1 stardist_he vs spaceranger: F1=0.612 dice=0.580 dDens=+nan
match A3_r1 cellpose_rgb vs cellpose_hed: F1=0.734 dice=0.719 dDens=+0.117
match A3_r2 cellpose_rgb vs stardist_he: F1=0.657 dice=0.599 dDens=-0.450
match A3_r2 cellpose_rgb vs spaceranger: F1=0.663 dice=0.666 dDens=+nan
match A3_r2 stardist_he vs spaceranger: F1=0.595 dice=0.574 dDens=+nan
match A3_r2 cellpose_rgb vs cellpose_hed: F1=0.696 dice=0.666 dDens=+0.224
match A3_r3 cellpose_rgb vs stardist_he: F1=0.709 dice=0.636 dDens=-0.367
match A3_r3 cellpose_rgb vs spaceranger: F1=0.701 dice=0.669 dDens=+nan
match A3_r3 stardist_he vs spaceranger: F1=0.697 dice=0.629 dDens=+nan
match A3_r3 cellpose_rgb vs cellpose_hed: F1=0.727 dice=0.699 dDens=+0.129
match A3_r4 cellpose_rgb vs stardist_he: F1=0.771 dice=0.728 dDens=-0.288
match A3_r4 cellpose_rgb vs spaceranger: F1=0.756 dice=0.725 dDens=+nan
match A3_r4 stardist_he vs spaceranger: F1=0.742 dice=0.679 dDens=+nan
match A3_r4 cellpose_rgb vs cellpose_hed: F1=0.759 dice=0.728 dDens=+0.124
match A3_r5 cellpose_rgb vs stardist_he: F1=0.641 dice=0.611 dDens=-0.464
match A3_r5 cellpose_rgb vs spaceranger: F1=0.692 dice=0.679 dDens=+nan
match A3_r5 stardist_he vs spaceranger: F1=0.646 dice=0.607 dDens=+nan
match A3_r5 cellpose_rgb vs cellpose_hed: F1=0.729 dice=0.693 dDens=-0.021
match A4_f1 cellpose_rgb vs stardist_he: F1=0.912 dice=0.855 dDens=-0.128
match A4_f1 cellpose_rgb vs spaceranger: F1=0.736 dice=0.717 dDens=+nan
match A4_f1 stardist_he vs spaceranger: F1=0.781 dice=0.677 dDens=+nan
match A4_f1 cellpose_rgb vs cellpose_hed: F1=0.717 dice=0.719 dDens=+0.192
match A4_f2 cellpose_rgb vs stardist_he: F1=0.927 dice=0.859 dDens=-0.088
match A4_f2 cellpose_rgb vs spaceranger: F1=0.691 dice=0.694 dDens=+nan
match A4_f2 stardist_he vs spaceranger: F1=0.808 dice=0.696 dDens=+nan
match A4_f2 cellpose_rgb vs cellpose_hed: F1=0.631 dice=0.675 dDens=+0.187
match A4_p1 cellpose_rgb vs stardist_he: F1=0.921 dice=0.873 dDens=-0.114
match A4_p1 cellpose_rgb vs spaceranger: F1=0.692 dice=0.686 dDens=+nan
match A4_p1 stardist_he vs spaceranger: F1=0.785 dice=0.679 dDens=+nan
match A4_p1 cellpose_rgb vs cellpose_hed: F1=0.444 dice=0.618 dDens=+0.166
match A4_p2 cellpose_rgb vs stardist_he: F1=0.916 dice=0.857 dDens=-0.116
match A4_p2 cellpose_rgb vs spaceranger: F1=0.658 dice=0.682 dDens=+nan
match A4_p2 stardist_he vs spaceranger: F1=0.786 dice=0.685 dDens=+nan
match A4_p2 cellpose_rgb vs cellpose_hed: F1=0.443 dice=0.618 dDens=+0.185
match A4_p3 cellpose_rgb vs stardist_he: F1=0.933 dice=0.871 dDens=-0.082
match A4_p3 cellpose_rgb vs spaceranger: F1=0.672 dice=0.681 dDens=+nan
match A4_p3 stardist_he vs spaceranger: F1=0.819 dice=0.703 dDens=+nan
match A4_p3 cellpose_rgb vs cellpose_hed: F1=0.554 dice=0.631 dDens=+0.186
match A5_r1 cellpose_rgb vs stardist_he: F1=0.695 dice=0.832 dDens=+0.120
match A5_r1 cellpose_rgb vs spaceranger: F1=0.630 dice=0.734 dDens=+nan
match A5_r1 stardist_he vs spaceranger: F1=0.730 dice=0.747 dDens=+nan
match A5_r1 cellpose_rgb vs cellpose_hed: F1=0.610 dice=0.778 dDens=-0.029
match A5_r2 cellpose_rgb vs stardist_he: F1=0.736 dice=0.802 dDens=+0.268
match A5_r2 cellpose_rgb vs spaceranger: F1=0.636 dice=0.655 dDens=+nan
match A5_r2 stardist_he vs spaceranger: F1=0.692 dice=0.691 dDens=+nan
match A5_r2 cellpose_rgb vs cellpose_hed: F1=0.756 dice=0.773 dDens=-0.082
match A5_r3 cellpose_rgb vs stardist_he: F1=0.702 dice=0.775 dDens=+0.295
match A5_r3 cellpose_rgb vs spaceranger: F1=0.500 dice=0.485 dDens=+nan
match A5_r3 stardist_he vs spaceranger: F1=0.523 dice=0.533 dDens=+nan
match A5_r3 cellpose_rgb vs cellpose_hed: F1=0.528 dice=0.551 dDens=-0.302
match A5_r4 cellpose_rgb vs stardist_he: F1=0.668 dice=0.742 dDens=+0.427
match A5_r4 cellpose_rgb vs spaceranger: F1=0.569 dice=0.533 dDens=+nan
match A5_r4 stardist_he vs spaceranger: F1=0.571 dice=0.573 dDens=+nan
match A5_r4 cellpose_rgb vs cellpose_hed: F1=0.663 dice=0.708 dDens=-0.105
match A5_r5 cellpose_rgb vs stardist_he: F1=0.702 dice=0.808 dDens=+0.272
match A5_r5 cellpose_rgb vs spaceranger: F1=0.592 dice=0.673 dDens=+nan
match A5_r5 stardist_he vs spaceranger: F1=0.685 dice=0.706 dDens=+nan
match A5_r5 cellpose_rgb vs cellpose_hed: F1=0.643 dice=0.749 dDens=+0.028
match A6_r1 cellpose_rgb vs stardist_he: F1=0.547 dice=0.527 dDens=-0.251
match A6_r1 cellpose_rgb vs spaceranger: F1=0.643 dice=0.679 dDens=+nan
match A6_r1 stardist_he vs spaceranger: F1=0.534 dice=0.494 dDens=+nan
match A6_r1 cellpose_rgb vs cellpose_hed: F1=0.710 dice=0.557 dDens=-0.105
match A6_r2 cellpose_rgb vs stardist_he: F1=0.607 dice=0.524 dDens=+0.334
match A6_r2 cellpose_rgb vs spaceranger: F1=0.539 dice=0.515 dDens=+nan
match A6_r2 stardist_he vs spaceranger: F1=0.720 dice=0.660 dDens=+nan
match A6_r2 cellpose_rgb vs cellpose_hed: F1=0.713 dice=0.564 dDens=-0.128
match A6_r3 cellpose_rgb vs stardist_he: F1=0.246 dice=0.162 dDens=+2.179
match A6_r3 cellpose_rgb vs spaceranger: F1=0.174 dice=0.137 dDens=+nan
match A6_r3 stardist_he vs spaceranger: F1=0.741 dice=0.649 dDens=+nan
match A6_r3 cellpose_rgb vs cellpose_hed: F1=0.422 dice=0.135 dDens=+0.297
match A6_r4 cellpose_rgb vs stardist_he: F1=0.559 dice=0.452 dDens=+0.733
match A6_r4 cellpose_rgb vs spaceranger: F1=0.434 dice=0.417 dDens=+nan
match A6_r4 stardist_he vs spaceranger: F1=0.774 dice=0.691 dDens=+nan
match A6_r4 cellpose_rgb vs cellpose_hed: F1=0.693 dice=0.472 dDens=+0.231
match A6_r5 cellpose_rgb vs stardist_he: F1=0.531 dice=0.391 dDens=+0.550
match A6_r5 cellpose_rgb vs spaceranger: F1=0.435 dice=0.378 dDens=+nan
match A6_r5 stardist_he vs spaceranger: F1=0.722 dice=0.628 dDens=+nan
match A6_r5 cellpose_rgb vs cellpose_hed: F1=0.584 dice=0.341 dDens=-0.197
  archetype roi_id        method  n_run1  n_run2  px_run1  px_run2  identical_labels  identical_binary  f1_iou05
0        A4     f2  cellpose_rgb   20501   20501  4254439  4254439              True              True       1.0
1        A1     r1  cellpose_rgb    9064    9064  1631397  1631397              True              True       1.0
2        A4     f2   stardist_he   18625   18625  4369897  4369897              True              True       1.0
3        A1     r1   stardist_he    4658    4658  1014778  1014778              True              True       1.0
   archetype              method  scale  n_roi  n_nuclei  density_median   density_min   density_max  area_median   area_min    area_max  eq_diam_median  ecc_median  nn_median_um  nuclear_area_fraction  frac_small  frac_large
0         A1        cellpose_hed      1      5     46109    12485.614789  11969.389178  13556.896392    19.335870  18.436527   20.010377        4.961773    0.754771      4.428957               0.264977    0.009480    0.000000
1         A1        cellpose_rgb      1      5     38687    10584.485873  10265.709383  10951.536104    12.928052  12.590799   13.714977        4.057151    0.797006      4.655850               0.152441    0.028098    0.000000
4         A1  cellpose_rgb_repro      1      1      8739    10951.536104  10951.536104  10951.536104    12.590799  12.590799   12.590799        4.003886    0.787392      4.555255               0.151965    0.035856    0.000000
5         A1         stardist_he      1      5     20162     5484.126326   5299.285697   5834.803994    14.764211  14.314539   15.588608        4.335709    0.708182      5.735427               0.094347    0.000151    0.000000
8         A1   stardist_he_repro      1      1      4656     5834.803994   5834.803994   5834.803994    14.314539  14.314539   14.314539        4.269173    0.704385      5.468949               0.095293    0.000215    0.000000
9         A2        cellpose_hed      1      5     30493     7056.391985   6332.791073   8584.749331    34.309868  30.339512   39.104260        6.609439    0.771946      6.341769               0.279062    0.000990    0.000000
10        A2        cellpose_rgb      1      5     32721     7904.769681   6624.142550   8792.954017    31.088636  28.279422   32.287234        6.291524    0.792728      6.325051               0.289806    0.002712    0.000000
13        A2         spaceranger      1      5     36222             NaN           NaN           NaN    31.538110  28.391790   32.062497        6.336842    0.763851      5.987284                    NaN    0.002905    0.000000
14        A2         stardist_he      1      5     18253     4256.586512   3516.735428   5201.087374    31.687935  27.792491   35.508466        6.351876    0.735776      7.450061               0.149233    0.000000    0.000000
17        A3        cellpose_hed      1      5     23532     4822.297136   3857.981073   5431.130539    40.153033  36.781976   41.389087        7.150135    0.801324      7.649619               0.222532    0.000485    0.000083
18        A3        cellpose_rgb      1      5     21298     4300.447530   3152.953944   4925.156673    31.313373  27.717579   33.560744        6.314224    0.813673      7.838003               0.162227    0.002457    0.000000
21        A3         spaceranger      1      5     22589             NaN           NaN           NaN    31.463198  25.245471   31.987584        6.329312    0.763986      6.813113                    NaN    0.003445    0.000000
22        A3         stardist_he      1      5     13029     2639.053033   1734.830705   3440.050026    31.912672  28.241966   33.261095        6.374361    0.760407      9.049028               0.094820    0.000000    0.000000
25        A4        cellpose_hed      1      5    135700    28863.012683  23358.811793  29825.023410    23.984886  22.485830   26.083563        5.526165    0.614142      4.767525               0.735950    0.000812    0.000000
26        A4        cellpose_rgb      1      5    114773    24367.138070  19603.797754  25548.514056    13.866262  13.491498   14.615790        4.201794    0.608060      4.856650               0.342499    0.005336    0.000000
29        A4  cellpose_rgb_repro      1      1     20413    20472.578303  20472.578303  20472.578303    14.166073  14.166073   14.166073        4.246976    0.616403      5.034602               0.319546    0.004292    0.000000
30        A4         spaceranger      1      5    139391             NaN           NaN           NaN    19.937436  19.412767   20.537058        5.038366    0.731792      4.484709                    NaN    0.004973    0.000000
31        A4         stardist_he      1      5    102697    21544.030212  17092.379763  23077.375561    15.964940  15.665128   16.639514        4.508569    0.598941      5.025738               0.358411    0.000051    0.000000
34        A4   stardist_he_repro      1      1     18623    18677.353928  18677.353928  18677.353928    16.639514  16.639514   16.639514        4.602835    0.606687      5.161886               0.328484    0.000107    0.000000
35        A5        cellpose_hed      1      5      3817      848.762759    576.626136   1648.969849    59.170050  52.937671   89.656141        8.679726    0.577562     18.102967               0.072976    0.044969    0.000182
36        A5        cellpose_rgb      1      5      4142      924.949038    700.511566   1698.573007   100.468942  74.262918  109.779965       11.310218    0.552214     17.989989               0.087494    0.044016    0.000000
39        A5         spaceranger      1      5      3164             NaN           NaN           NaN    56.917383  44.490171   65.327339        8.512900    0.620181     19.145688                    NaN    0.001006    0.000000
40        A5         stardist_he      1      5      5169     1172.554443    999.966893   1902.348143    54.664716  44.039637   68.856517        8.342738    0.615597     16.373999               0.084119    0.000169    0.000000
43        A6        cellpose_hed      1      5      2669      522.491488    397.423771    811.555553    21.629624  16.156617   26.090499        5.247810    0.816294     14.777696               0.018615    0.011765    0.015776
44        A6        cellpose_rgb      1      5      2691      630.514540    306.347491    724.606681    18.218366  14.244813   22.416837        4.816258    0.863217     16.198551               0.017901    0.009705    0.020276
47        A6         spaceranger      1      5      4933             NaN           NaN           NaN    23.091591  16.344048   28.302194        5.422281    0.772187     15.224284                    NaN    0.004991    0.000000
48        A6         stardist_he      1      5      4113      973.895232    542.642671   1142.189297    23.166564  17.768530   31.488533        5.431076    0.813354     15.867551               0.023156    0.000183    0.000000
== masks
masks ok
== spatial
A1_r1 n=7039 lambda=8817/mm2 g(3)=1.02 g(5)=2.18 g(30)=1.30 dip p=0.224
A1_r2 n=5218 lambda=7646/mm2 g(3)=1.08 g(5)=2.33 g(30)=1.50 dip p=0.758
A1_r3 n=7045 lambda=8697/mm2 g(3)=0.96 g(5)=2.15 g(30)=1.31 dip p=0.4
A1_r4 n=4763 lambda=7455/mm2 g(3)=1.13 g(5)=2.56 g(30)=1.55 dip p=0.866
A1_r5 n=5585 lambda=7723/mm2 g(3)=1.03 g(5)=2.30 g(30)=1.45 dip p=0.509
A2_r1 n=4745 lambda=6375/mm2 g(3)=0.27 g(5)=1.36 g(30)=1.49 dip p=0.947
A2_r2 n=6327 lambda=7343/mm2 g(3)=0.21 g(5)=1.18 g(30)=1.26 dip p=0.991
A2_r3 n=3957 lambda=5780/mm2 g(3)=0.28 g(5)=1.43 g(30)=1.43 dip p=0.579
A2_r4 n=7316 lambda=7534/mm2 g(3)=0.23 g(5)=1.50 g(30)=1.45 dip p=0.99
A2_r5 n=6201 lambda=6360/mm2 g(3)=0.19 g(5)=1.31 g(30)=1.39 dip p=0.847
A3_r1 n=4144 lambda=4158/mm2 g(3)=0.11 g(5)=0.70 g(30)=1.20 dip p=0.991
A3_r2 n=3090 lambda=3116/mm2 g(3)=0.25 g(5)=0.94 g(30)=1.30 dip p=0.706
A3_r3 n=4296 lambda=4297/mm2 g(3)=0.18 g(5)=0.86 g(30)=1.26 dip p=0.995
A3_r4 n=4816 lambda=4826/mm2 g(3)=0.25 g(5)=1.31 g(30)=1.56 dip p=0.992
A3_r5 n=4857 lambda=4898/mm2 g(3)=0.37 g(5)=1.91 g(30)=1.95 dip p=0.992
A4_f1 n=19385 lambda=19567/mm2 g(3)=0.15 g(5)=1.27 g(30)=1.10 dip p=0.00634
A4_f2 n=20332 lambda=20391/mm2 g(3)=0.14 g(5)=1.23 g(30)=1.07 dip p=0.000156
A4_p1 n=25504 lambda=25524/mm2 g(3)=0.13 g(5)=1.31 g(30)=1.01 dip p=8.28e-06
A4_p2 n=24157 lambda=24269/mm2 g(3)=0.16 g(5)=1.33 g(30)=1.04 dip p=1.96e-05
A4_p3 n=25156 lambda=25151/mm2 g(3)=0.13 g(5)=1.30 g(30)=1.02 dip p=1.69e-05
A5_r1 n=977 lambda=1310/mm2 g(3)=1.00 g(5)=1.44 g(30)=1.50 dip p=0.000488
A5_r2 n=679 lambda=808/mm2 g(3)=0.03 g(5)=0.14 g(30)=1.06 dip p=1
A5_r3 n=538 lambda=689/mm2 g(3)=0.01 g(5)=0.08 g(30)=1.21 dip p=0.992
A5_r4 n=383 lambda=512/mm2 g(3)=0.09 g(5)=0.21 g(30)=1.47 dip p=0.754
A5_r5 n=829 lambda=954/mm2 g(3)=0.18 g(5)=0.33 g(30)=1.22 dip p=0.993
A6_r1 n=614 lambda=665/mm2 g(3)=0.81 g(5)=1.04 g(30)=1.29 dip p=0.996
A6_r2 n=483 lambda=537/mm2 g(3)=0.86 g(5)=1.07 g(30)=1.56 dip p=0.864
A6_r3 n=288 lambda=298/mm2 g(3)=1.40 g(5)=2.03 g(30)=2.06 dip p=0.000859
A6_r4 n=576 lambda=618/mm2 g(3)=0.93 g(5)=1.17 g(30)=1.63 dip p=0.991
A6_r5 n=516 lambda=567/mm2 g(3)=0.97 g(5)=1.23 g(30)=1.63 dip p=0.871
There were 30 warnings (use warnings() to see them)
== figures
figures ok
