A1_r1 cellpose_rgb s=1 n=9064 keep=8739 tissue=0.80 bubble=0.001 7s
A1_r1 cellpose_rgb s=2 n=7440 keep=7439 tissue=0.80 bubble=0.001 2s
A1_r1 cellpose_rgb s=4 n=181 keep=165 tissue=0.80 bubble=0.001 1s
A1_r2 cellpose_rgb s=1 n=7252 keep=7004 tissue=0.68 bubble=0.000 7s
A1_r2 cellpose_rgb s=2 n=5676 keep=5676 tissue=0.68 bubble=0.000 2s
A1_r2 cellpose_rgb s=4 n=75 keep=67 tissue=0.68 bubble=0.000 1s
A1_r3 cellpose_rgb s=1 n=8709 keep=8506 tissue=0.81 bubble=0.001 7s
A1_r3 cellpose_rgb s=2 n=6841 keep=6841 tissue=0.81 bubble=0.001 2s
A1_r3 cellpose_rgb s=4 n=116 keep=100 tissue=0.81 bubble=0.001 1s
A1_r4 cellpose_rgb s=1 n=6964 keep=6763 tissue=0.64 bubble=0.000 7s
A1_r4 cellpose_rgb s=2 n=5518 keep=5518 tissue=0.64 bubble=0.000 2s
A1_r4 cellpose_rgb s=4 n=275 keep=273 tissue=0.64 bubble=0.000 1s
A1_r5 cellpose_rgb s=1 n=7822 keep=7675 tissue=0.72 bubble=0.000 7s
A1_r5 cellpose_rgb s=2 n=6392 keep=6389 tissue=0.72 bubble=0.000 2s
A1_r5 cellpose_rgb s=4 n=261 keep=261 tissue=0.72 bubble=0.000 1s
A2_r1 cellpose_rgb s=1 n=6596 keep=6546 tissue=0.74 bubble=0.000 8s
A2_r1 cellpose_rgb s=2 n=5675 keep=5675 tissue=0.74 bubble=0.000 2s
A2_r1 cellpose_rgb s=4 n=1493 keep=1493 tissue=0.74 bubble=0.000 1s
A2_r2 cellpose_rgb s=1 n=6858 keep=6844 tissue=0.86 bubble=0.000 8s
A2_r2 cellpose_rgb s=2 n=5837 keep=5837 tissue=0.86 bubble=0.000 2s
A2_r2 cellpose_rgb s=4 n=1544 keep=1544 tissue=0.86 bubble=0.000 1s
A2_r3 cellpose_rgb s=1 n=5425 keep=5409 tissue=0.68 bubble=0.001 7s
A2_r3 cellpose_rgb s=2 n=4873 keep=4872 tissue=0.68 bubble=0.001 2s
A2_r3 cellpose_rgb s=4 n=2009 keep=2008 tissue=0.68 bubble=0.001 1s
A2_r4 cellpose_rgb s=1 n=7468 keep=7465 tissue=0.97 bubble=0.000 8s
A2_r4 cellpose_rgb s=2 n=6533 keep=6533 tissue=0.97 bubble=0.000 2s
A2_r4 cellpose_rgb s=4 n=1826 keep=1826 tissue=0.97 bubble=0.000 1s
A2_r5 cellpose_rgb s=1 n=6463 keep=6457 tissue=0.98 bubble=0.000 8s
A2_r5 cellpose_rgb s=2 n=5866 keep=5865 tissue=0.98 bubble=0.000 2s
A2_r5 cellpose_rgb s=4 n=1742 keep=1742 tissue=0.98 bubble=0.000 1s
A3_r1 cellpose_rgb s=1 n=4175 keep=4165 tissue=1.00 bubble=0.000 7s
A3_r1 cellpose_rgb s=2 n=3854 keep=3854 tissue=1.00 bubble=0.000 2s
A3_r1 cellpose_rgb s=4 n=1775 keep=1775 tissue=1.00 bubble=0.000 1s
A3_r2 cellpose_rgb s=1 n=3147 keep=3126 tissue=0.99 bubble=0.001 7s
A3_r2 cellpose_rgb s=2 n=2844 keep=2843 tissue=0.99 bubble=0.001 2s
A3_r2 cellpose_rgb s=4 n=930 keep=930 tissue=0.99 bubble=0.001 1s
A3_r3 cellpose_rgb s=1 n=4308 keep=4299 tissue=1.00 bubble=0.000 7s
A3_r3 cellpose_rgb s=2 n=3994 keep=3994 tissue=1.00 bubble=0.000 2s
A3_r3 cellpose_rgb s=4 n=1999 keep=1997 tissue=1.00 bubble=0.000 1s
A3_r4 cellpose_rgb s=1 n=4830 keep=4824 tissue=1.00 bubble=0.000 7s
A3_r4 cellpose_rgb s=2 n=4671 keep=4671 tissue=1.00 bubble=0.000 2s
A3_r4 cellpose_rgb s=4 n=2294 keep=2294 tissue=1.00 bubble=0.000 1s
A3_r5 cellpose_rgb s=1 n=4885 keep=4884 tissue=0.99 bubble=0.000 7s
A3_r5 cellpose_rgb s=2 n=4366 keep=4366 tissue=0.99 bubble=0.000 2s
A3_r5 cellpose_rgb s=4 n=1497 keep=1497 tissue=0.99 bubble=0.000 1s
A4_f1 cellpose_rgb s=1 n=19529 keep=19421 tissue=0.99 bubble=0.000 8s
A4_f1 cellpose_rgb s=2 n=18358 keep=18358 tissue=0.99 bubble=0.000 2s
A4_f1 cellpose_rgb s=4 n=703 keep=703 tissue=0.99 bubble=0.000 1s
A4_f2 cellpose_rgb s=1 n=20501 keep=20413 tissue=1.00 bubble=0.000 8s
A4_f2 cellpose_rgb s=2 n=19469 keep=19469 tissue=1.00 bubble=0.000 2s
A4_f2 cellpose_rgb s=4 n=874 keep=874 tissue=1.00 bubble=0.000 1s
A4_p1 cellpose_rgb s=1 n=25672 keep=25529 tissue=1.00 bubble=0.000 8s
A4_p1 cellpose_rgb s=2 n=21055 keep=21055 tissue=1.00 bubble=0.000 2s
A4_p1 cellpose_rgb s=4 n=74 keep=74 tissue=1.00 bubble=0.000 1s
A4_p2 cellpose_rgb s=1 n=24379 keep=24254 tissue=1.00 bubble=0.000 8s
A4_p2 cellpose_rgb s=2 n=23302 keep=23301 tissue=1.00 bubble=0.000 3s
A4_p2 cellpose_rgb s=4 n=177 keep=177 tissue=1.00 bubble=0.000 1s
A4_p3 cellpose_rgb s=1 n=25313 keep=25156 tissue=1.00 bubble=0.000 8s
A4_p3 cellpose_rgb s=2 n=24165 keep=24165 tissue=1.00 bubble=0.000 2s
A4_p3 cellpose_rgb s=4 n=2 keep=2 tissue=1.00 bubble=0.000 1s
A5_r1 cellpose_rgb s=1 n=1489 keep=1267 tissue=0.75 bubble=0.000 7s
A5_r1 cellpose_rgb s=2 n=1154 keep=1143 tissue=0.75 bubble=0.000 2s
A5_r1 cellpose_rgb s=4 n=1146 keep=1140 tissue=0.75 bubble=0.000 1s
A5_r2 cellpose_rgb s=1 n=777 keep=777 tissue=0.84 bubble=0.000 7s
A5_r2 cellpose_rgb s=2 n=728 keep=728 tissue=0.84 bubble=0.000 2s
A5_r2 cellpose_rgb s=4 n=770 keep=770 tissue=0.84 bubble=0.000 1s
A5_r3 cellpose_rgb s=1 n=649 keep=645 tissue=0.78 bubble=0.000 7s
A5_r3 cellpose_rgb s=2 n=628 keep=623 tissue=0.78 bubble=0.000 2s
A5_r3 cellpose_rgb s=4 n=622 keep=615 tissue=0.78 bubble=0.000 1s
A5_r4 cellpose_rgb s=1 n=525 keep=524 tissue=0.75 bubble=0.000 7s
A5_r4 cellpose_rgb s=2 n=499 keep=498 tissue=0.75 bubble=0.000 2s
A5_r4 cellpose_rgb s=4 n=508 keep=507 tissue=0.75 bubble=0.000 1s
A5_r5 cellpose_rgb s=1 n=1008 keep=929 tissue=0.87 bubble=0.000 7s
A5_r5 cellpose_rgb s=2 n=887 keep=887 tissue=0.87 bubble=0.000 2s
A5_r5 cellpose_rgb s=4 n=907 keep=907 tissue=0.87 bubble=0.000 1s
A6_r1 cellpose_rgb s=1 n=682 keep=669 tissue=0.94 bubble=0.014 7s
A6_r1 cellpose_rgb s=2 n=681 keep=672 tissue=0.94 bubble=0.014 2s
A6_r1 cellpose_rgb s=4 n=337 keep=308 tissue=0.94 bubble=0.014 1s
A6_r2 cellpose_rgb s=1 n=550 keep=539 tissue=0.91 bubble=0.016 7s
A6_r2 cellpose_rgb s=2 n=322 keep=279 tissue=0.91 bubble=0.016 2s
A6_r2 cellpose_rgb s=4 n=72 keep=45 tissue=0.91 bubble=0.016 1s
A6_r3 cellpose_rgb s=1 n=322 keep=296 tissue=0.98 bubble=0.015 7s
A6_r3 cellpose_rgb s=2 n=170 keep=151 tissue=0.98 bubble=0.015 2s
A6_r3 cellpose_rgb s=4 n=40 keep=28 tissue=0.98 bubble=0.015 1s
A6_r4 cellpose_rgb s=1 n=634 keep=614 tissue=0.95 bubble=0.018 7s
A6_r4 cellpose_rgb s=2 n=374 keep=368 tissue=0.95 bubble=0.018 2s
A6_r4 cellpose_rgb s=4 n=40 keep=28 tissue=0.95 bubble=0.018 1s
A6_r5 cellpose_rgb s=1 n=595 keep=573 tissue=0.92 bubble=0.017 7s
A6_r5 cellpose_rgb s=2 n=366 keep=337 tissue=0.92 bubble=0.017 2s
A6_r5 cellpose_rgb s=4 n=125 keep=102 tissue=0.92 bubble=0.017 1s
A1_r1 stardist_he s=1 n=4658 keep=4656 tissue=0.80 bubble=0.001 10s
A1_r1 stardist_he s=2 n=308 keep=304 tissue=0.80 bubble=0.001 4s
A1_r1 stardist_he s=4 n=86 keep=25 tissue=0.80 bubble=0.001 3s
A1_r2 stardist_he s=1 n=3715 keep=3712 tissue=0.68 bubble=0.000 3s
A1_r2 stardist_he s=2 n=245 keep=241 tissue=0.68 bubble=0.000 0s
A1_r2 stardist_he s=4 n=44 keep=6 tissue=0.68 bubble=0.000 0s
A1_r3 stardist_he s=1 n=4442 keep=4442 tissue=0.81 bubble=0.001 3s
A1_r3 stardist_he s=2 n=311 keep=311 tissue=0.81 bubble=0.001 0s
A1_r3 stardist_he s=4 n=68 keep=14 tissue=0.81 bubble=0.001 0s
A1_r4 stardist_he s=1 n=3387 keep=3386 tissue=0.64 bubble=0.000 3s
A1_r4 stardist_he s=2 n=220 keep=220 tissue=0.64 bubble=0.000 0s
A1_r4 stardist_he s=4 n=47 keep=14 tissue=0.64 bubble=0.000 0s
A1_r5 stardist_he s=1 n=3969 keep=3966 tissue=0.72 bubble=0.000 3s
A1_r5 stardist_he s=2 n=299 keep=297 tissue=0.72 bubble=0.000 0s
A1_r5 stardist_he s=4 n=51 keep=13 tissue=0.72 bubble=0.000 0s
A2_r1 stardist_he s=1 n=3872 keep=3872 tissue=0.74 bubble=0.000 3s
A2_r1 stardist_he s=2 n=610 keep=609 tissue=0.74 bubble=0.000 0s
A2_r1 stardist_he s=4 n=48 keep=9 tissue=0.74 bubble=0.000 0s
A2_r2 stardist_he s=1 n=3667 keep=3667 tissue=0.86 bubble=0.000 3s
A2_r2 stardist_he s=2 n=563 keep=562 tissue=0.86 bubble=0.000 1s
A2_r2 stardist_he s=4 n=50 keep=10 tissue=0.86 bubble=0.000 0s
A2_r3 stardist_he s=1 n=3468 keep=3464 tissue=0.68 bubble=0.001 3s
A2_r3 stardist_he s=2 n=671 keep=671 tissue=0.68 bubble=0.001 0s
A2_r3 stardist_he s=4 n=40 keep=6 tissue=0.68 bubble=0.001 0s
A2_r4 stardist_he s=1 n=3822 keep=3822 tissue=0.97 bubble=0.000 4s
A2_r4 stardist_he s=2 n=720 keep=720 tissue=0.97 bubble=0.000 0s
A2_r4 stardist_he s=4 n=52 keep=7 tissue=0.97 bubble=0.000 0s
A2_r5 stardist_he s=1 n=3429 keep=3428 tissue=0.98 bubble=0.000 3s
A2_r5 stardist_he s=2 n=590 keep=588 tissue=0.98 bubble=0.000 0s
A2_r5 stardist_he s=4 n=28 keep=7 tissue=0.98 bubble=0.000 0s
A3_r1 stardist_he s=1 n=2539 keep=2539 tissue=1.00 bubble=0.000 3s
A3_r1 stardist_he s=2 n=637 keep=635 tissue=1.00 bubble=0.000 0s
A3_r1 stardist_he s=4 n=36 keep=27 tissue=1.00 bubble=0.000 0s
A3_r2 stardist_he s=1 n=1720 keep=1720 tissue=0.99 bubble=0.001 3s
A3_r2 stardist_he s=2 n=286 keep=283 tissue=0.99 bubble=0.001 0s
A3_r2 stardist_he s=4 n=14 keep=7 tissue=0.99 bubble=0.001 0s
A3_r3 stardist_he s=1 n=2720 keep=2720 tissue=1.00 bubble=0.000 4s
A3_r3 stardist_he s=2 n=691 keep=690 tissue=1.00 bubble=0.000 0s
A3_r3 stardist_he s=4 n=25 keep=14 tissue=1.00 bubble=0.000 0s
A3_r4 stardist_he s=1 n=3433 keep=3433 tissue=1.00 bubble=0.000 3s
A3_r4 stardist_he s=2 n=918 keep=917 tissue=1.00 bubble=0.000 0s
A3_r4 stardist_he s=4 n=18 keep=10 tissue=1.00 bubble=0.000 0s
A3_r5 stardist_he s=1 n=2617 keep=2617 tissue=0.99 bubble=0.000 4s
A3_r5 stardist_he s=2 n=502 keep=501 tissue=0.99 bubble=0.000 1s
A3_r5 stardist_he s=4 n=22 keep=7 tissue=0.99 bubble=0.000 0s
A4_f1 stardist_he s=1 n=16934 keep=16933 tissue=0.99 bubble=0.000 6s
A4_f1 stardist_he s=2 n=1302 keep=1302 tissue=0.99 bubble=0.000 0s
A4_f1 stardist_he s=4 n=5 keep=0 tissue=0.99 bubble=0.000 0s
A4_f2 stardist_he s=1 n=18625 keep=18623 tissue=1.00 bubble=0.000 6s
A4_f2 stardist_he s=2 n=1004 keep=1003 tissue=1.00 bubble=0.000 0s
A4_f2 stardist_he s=4 n=11 keep=1 tissue=1.00 bubble=0.000 0s
A4_p1 stardist_he s=1 n=22616 keep=22615 tissue=1.00 bubble=0.000 7s
A4_p1 stardist_he s=2 n=237 keep=236 tissue=1.00 bubble=0.000 0s
A4_p1 stardist_he s=4 n=13 keep=3 tissue=1.00 bubble=0.000 0s
A4_p2 stardist_he s=1 n=21446 keep=21444 tissue=1.00 bubble=0.000 6s
A4_p2 stardist_he s=2 n=537 keep=536 tissue=1.00 bubble=0.000 0s
A4_p2 stardist_he s=4 n=13 keep=2 tissue=1.00 bubble=0.000 0s
A4_p3 stardist_he s=1 n=23083 keep=23082 tissue=1.00 bubble=0.000 7s
A4_p3 stardist_he s=2 n=319 keep=315 tissue=1.00 bubble=0.000 0s
A4_p3 stardist_he s=4 n=15 keep=1 tissue=1.00 bubble=0.000 0s
A5_r1 stardist_he s=1 n=1437 keep=1419 tissue=0.75 bubble=0.000 3s
A5_r1 stardist_he s=2 n=920 keep=911 tissue=0.75 bubble=0.000 4s
A5_r1 stardist_he s=4 n=143 keep=143 tissue=0.75 bubble=0.000 2s
A5_r2 stardist_he s=1 n=985 keep=985 tissue=0.84 bubble=0.000 3s
A5_r2 stardist_he s=2 n=715 keep=715 tissue=0.84 bubble=0.000 0s
A5_r2 stardist_he s=4 n=200 keep=200 tissue=0.84 bubble=0.000 0s
A5_r3 stardist_he s=1 n=839 keep=835 tissue=0.78 bubble=0.000 3s
A5_r3 stardist_he s=2 n=526 keep=523 tissue=0.78 bubble=0.000 0s
A5_r3 stardist_he s=4 n=133 keep=132 tissue=0.78 bubble=0.000 0s
A5_r4 stardist_he s=1 n=750 keep=748 tissue=0.75 bubble=0.000 4s
A5_r4 stardist_he s=2 n=532 keep=530 tissue=0.75 bubble=0.000 0s
A5_r4 stardist_he s=4 n=190 keep=190 tissue=0.75 bubble=0.000 0s
A5_r5 stardist_he s=1 n=1183 keep=1182 tissue=0.87 bubble=0.000 3s
A5_r5 stardist_he s=2 n=755 keep=755 tissue=0.87 bubble=0.000 0s
A5_r5 stardist_he s=4 n=178 keep=176 tissue=0.87 bubble=0.000 0s
A6_r1 stardist_he s=1 n=518 keep=501 tissue=0.94 bubble=0.014 3s
A6_r1 stardist_he s=2 n=141 keep=134 tissue=0.94 bubble=0.014 0s
A6_r1 stardist_he s=4 n=56 keep=25 tissue=0.94 bubble=0.014 0s
A6_r2 stardist_he s=1 n=736 keep=719 tissue=0.91 bubble=0.016 3s
A6_r2 stardist_he s=2 n=181 keep=177 tissue=0.91 bubble=0.016 0s
A6_r2 stardist_he s=4 n=55 keep=41 tissue=0.91 bubble=0.016 0s
A6_r3 stardist_he s=1 n=961 keep=941 tissue=0.98 bubble=0.015 3s
A6_r3 stardist_he s=2 n=175 keep=171 tissue=0.98 bubble=0.015 0s
A6_r3 stardist_he s=4 n=56 keep=40 tissue=0.98 bubble=0.015 0s
A6_r4 stardist_he s=1 n=1092 keep=1064 tissue=0.95 bubble=0.018 3s
A6_r4 stardist_he s=2 n=251 keep=243 tissue=0.95 bubble=0.018 0s
A6_r4 stardist_he s=4 n=49 keep=30 tissue=0.95 bubble=0.018 0s
A6_r5 stardist_he s=1 n=909 keep=888 tissue=0.92 bubble=0.017 4s
A6_r5 stardist_he s=2 n=266 keep=263 tissue=0.92 bubble=0.017 0s
A6_r5 stardist_he s=4 n=151 keep=134 tissue=0.92 bubble=0.017 0s
A1_r1 cellpose_hed s=1 n=10970 keep=10818 tissue=0.80 bubble=0.001 8s
A1_r2 cellpose_hed s=1 n=8754 keep=8658 tissue=0.68 bubble=0.000 7s
A1_r3 cellpose_hed s=1 n=10193 keep=10107 tissue=0.81 bubble=0.001 8s
A1_r4 cellpose_hed s=1 n=7940 keep=7870 tissue=0.64 bubble=0.000 7s
A1_r5 cellpose_hed s=1 n=8710 keep=8656 tissue=0.72 bubble=0.000 7s
A2_r1 cellpose_hed s=1 n=6402 keep=6391 tissue=0.74 bubble=0.000 7s
A2_r2 cellpose_hed s=1 n=6087 keep=6079 tissue=0.86 bubble=0.000 7s
A2_r3 cellpose_hed s=1 n=5490 keep=5481 tissue=0.68 bubble=0.001 7s
A2_r4 cellpose_hed s=1 n=6370 keep=6369 tissue=0.97 bubble=0.000 8s
A2_r5 cellpose_hed s=1 n=6177 keep=6173 tissue=0.98 bubble=0.000 8s
A3_r1 cellpose_hed s=1 n=4656 keep=4652 tissue=1.00 bubble=0.000 7s
A3_r2 cellpose_hed s=1 n=3829 keep=3825 tissue=0.99 bubble=0.001 7s
A3_r3 cellpose_hed s=1 n=4856 keep=4853 tissue=1.00 bubble=0.000 7s
A3_r4 cellpose_hed s=1 n=5422 keep=5420 tissue=1.00 bubble=0.000 7s
A3_r5 cellpose_hed s=1 n=4783 keep=4782 tissue=0.99 bubble=0.000 8s
A4_f1 cellpose_hed s=1 n=23178 keep=23141 tissue=0.99 bubble=0.000 9s
A4_f2 cellpose_hed s=1 n=24252 keep=24230 tissue=1.00 bubble=0.000 9s
A4_p1 cellpose_hed s=1 n=29782 keep=29769 tissue=1.00 bubble=0.000 9s
A4_p2 cellpose_hed s=1 n=28744 keep=28729 tissue=1.00 bubble=0.000 9s
A4_p3 cellpose_hed s=1 n=29851 keep=29831 tissue=1.00 bubble=0.000 9s
A5_r1 cellpose_hed s=1 n=1318 keep=1230 tissue=0.75 bubble=0.000 7s
A5_r2 cellpose_hed s=1 n=713 keep=713 tissue=0.84 bubble=0.000 6s
A5_r3 cellpose_hed s=1 n=468 keep=450 tissue=0.78 bubble=0.000 6s
A5_r4 cellpose_hed s=1 n=474 keep=469 tissue=0.75 bubble=0.000 6s
A5_r5 cellpose_hed s=1 n=1100 keep=955 tissue=0.87 bubble=0.000 6s
A6_r1 cellpose_hed s=1 n=645 keep=599 tissue=0.94 bubble=0.014 6s
A6_r2 cellpose_hed s=1 n=480 keep=470 tissue=0.91 bubble=0.016 6s
A6_r3 cellpose_hed s=1 n=394 keep=384 tissue=0.98 bubble=0.015 6s
A6_r4 cellpose_hed s=1 n=772 keep=756 tissue=0.95 bubble=0.018 6s
A6_r5 cellpose_hed s=1 n=480 keep=460 tissue=0.92 bubble=0.017 6s
A1_r1 cellpose_rgb_repro s=1 n=9064 keep=8739 tissue=0.80 bubble=0.001 7s
A4_f2 cellpose_rgb_repro s=1 n=20501 keep=20413 tissue=1.00 bubble=0.000 8s
A1_r1 stardist_he_repro s=1 n=4658 keep=4656 tissue=0.80 bubble=0.001 11s
A4_f2 stardist_he_repro s=1 n=18625 keep=18623 tissue=1.00 bubble=0.000 6s
exit=0
