PASS C-R3.3a  square_area                  0
PASS C-R3.3a  square_ecc                   1.49012e-08
PASS C-R3.3a  square_sides                 1
PASS C-R3.3a  hex_area                     1.11022e-15
PASS C-R3.3a  hex_ecc                      2.78775e-08
PASS C-R3.3a  hex_sides                    1
FAIL C-R3.3b  ellipse_ecc_phi0             0.158919
PASS C-R3.3b  ellipse_theta_phi0           3.21336e-15
FAIL C-R3.3b  ellipse_ecc_phi30            0.158919
PASS C-R3.3b  ellipse_theta_phi30          0
FAIL C-R3.3b  ellipse_ecc_phi60            0.158919
PASS C-R3.3b  ellipse_theta_phi60          1.27222e-14
FAIL C-R3.3b  ellipse_ecc_phi-30           0.158919
PASS C-R3.3b  ellipse_theta_phi-30         6.36111e-15
FAIL C-R3.3b  ellipse_ecc_phi75            0.158919
PASS C-R3.3b  ellipse_theta_phi75          0
PASS C-R3.4   csr_mean_area_x_lambda       0.99637
PASS C-R3.4   csr_var_norm_area            0.288867
PASS C-R3.4   csr_mean_nsides              5.99066
PASS C-R3.1   synthetic_ring_area          0
PASS C-R3.2   synthetic_ring_gen_in_own    1
PASS C-R3.3c  ellipse_phi0                 4.16112e-13
PASS C-R3.3c  ellipse_phi30                1.55542e-13
PASS C-R3.3c  ellipse_phi60                1.19904e-14
PASS C-R3.3c  ellipse_phi-30               3.06088e-13
PASS C-R3.3c  ellipse_phi75                4.13003e-14
PASS C-R3.5   tangent                      0.0423534
PASS C-R3.5   separate                     0
== synthetic [mutante M5]: 23 PASS, 5 FAIL
